
  Изменить права доступа файлу или папке.
  Больше информации: <https://www.gnu.org/software/coreutils/chmod>.

  [32mДать [u]пользователю, который владеет файлом, права на его [x]исполнение:[0m

[36m      [0m[36mchmod[0m[36m u+x [0m[4;36mфайл[0m

  [32mДать права [u]пользователю права [r]чтения и [w]записи в файл/папку:[0m

[36m      [0m[36mchmod[0m[36m u+rw [0m[4;36mфайл_или_папка[0m

  [32mУбрать права на [x]исполнение у [g]группы:[0m

[36m      [0m[36mchmod[0m[36m g-x [0m[4;36mфайл[0m

  [32mДать [a]всем пользователям права на [r]чтение и [x]исполенеие:[0m

[36m      [0m[36mchmod[0m[36m a+rx [0m[4;36mфайл[0m

  [32mДать [o]другим (не из группы владельцев файлом) такие же права как и у [g]группы:[0m

[36m      [0m[36mchmod[0m[36m o=g [0m[4;36mфайл[0m

  [32mУбрать все права у [o]других:[0m

[36m      [0m[36mchmod[0m[36m o= [0m[4;36mфайл[0m

  [32mИзменить права рекурсивно, дав [g]группе и [o]другим возможность [w]записи в папку:[0m

[36m      [0m[36mchmod[0m[36m -R g+w,o+w [0m[4;36mпапка[0m

