
  Debian系ディストリビューションで使われるパッケージ管理システムです。
  Ubuntuのバージョンが16.04か、それ以降で対話モードを使う場合`apt-get`の代わりとして使用します。
  詳しくはこちら: <https://manned.org/apt.8>

  [32m利用可能なパーケージとバージョンのリストの更新（他の`apt`コマンドの前での実行を推奨）:[0m

[36m      [0m[36msudo [0m[36mapt[0m[36m update[0m

  [32m指定されたパッケージの検索:[0m

[36m      [0m[36mapt[0m[36m search [0m[4;36mパッケージ[0m

  [32mパッケージの情報を出力:[0m

[36m      [0m[36mapt[0m[36m show [0m[4;36mパッケージ[0m

  [32mパッケージのインストール、または利用可能な最新バージョンに更新:[0m

[36m      [0m[36msudo [0m[36mapt[0m[36m install [0m[4;36mパッケージ[0m

  [32mパッケージの削除（`sudo apt remove --purge`の場合設定ファイルも削除）:[0m

[36m      [0m[36msudo [0m[36mapt[0m[36m remove [0m[4;36mパッケージ[0m

  [32mインストールされている全てのパッケージを最新のバージョンにアップグレード:[0m

[36m      [0m[36msudo [0m[36mapt[0m[36m upgrade[0m

  [32mインストールできるすべてのパッケージを表示:[0m

[36m      [0m[36mapt[0m[36m list[0m

  [32mインストールされた全てのパッケージを表示（依存関係も表示）:[0m

[36m      [0m[36mapt[0m[36m list --installed[0m

