
  An SVG (Scalable Vector Graphics) editing program.
  Use -z to not open the GUI and only process files in the console.

  [44;30mOpen an SVG file in the Inkscape GUI:[0m

      [1minkscape[0m [3;4mfilename.svg[0m

  [44;30mExport an SVG file into a bitmap with the default format (PNG) and the default resolution (90 DPI):[0m

      [1minkscape[0m [3;4mfilename.svg[0m -e [3;4mfilename.png[0m

  [44;30mExport an SVG file into a bitmap of 600x400 pixels (aspect ratio distortion may occur):[0m

      [1minkscape[0m [3;4mfilename.svg[0m -e [3;4mfilename.png[0m -w [3;4m600[0m -h [3;4m400[0m

  [44;30mExport a single object, given its ID, into a bitmap:[0m

      [1minkscape[0m [3;4mfilename.svg[0m -i [3;4mid[0m -e [3;4mobject.png[0m

  [44;30mExport an SVG document to PDF, converting all texts to paths:[0m

      [1minkscape[0m [3;4mfilename.svg[0m | [1minkscape[0m | [1minkscape[0m --export-pdf=[3;4minkscape.pdf[0m | [1minkscape[0m | [1minkscape[0m --export-text-to-path

  [44;30mDuplicate the object with id="path123", rotate the duplicate 90 degrees, save the file, and quit Inkscape:[0m

      [1minkscape[0m [3;4mfilename.svg[0m --select=path123 --verb=EditDuplicate --verb=ObjectRotate90 --verb=FileSave --verb=FileQuit

  [44;30mSome invalid command just to test the correct highlighting of the command name:[0m

      [1minkscape[0m --use-inkscape=v3.0 file

